// Jest Snapshot v1, https://goo.gl/fbAQLP

exports[`ProfileHeader Should render 1`] = `
<View
  style={
    Object {
      "alignItems": "center",
      "borderBottomColor": "#747272",
      "borderBottomWidth": "1px",
      "flex": 0.25,
      "justifyContent": "center",
      "marginTop": "25%",
      "width": "100%",
    }
  }
  testID="profile-header-container"
>
  <View
    style={
      Object {
        "alignItems": "center",
        "backgroundColor": "#747272",
        "borderRadius": 50,
        "height": 100,
        "justifyContent": "center",
        "width": 100,
      }
    }
  >
    <Text
      style={
        Object {
          "color": "#FFFFFF",
          "fontSize": 28,
        }
      }
      testID="user-initials-text"
    >
      JD
    </Text>
  </View>
  <View
    style={
      Object {
        "alignItems": "center",
        "flexDirection": "row",
        "marginTop": "2%",
      }
    }
  >
    <Text
      style={
        Array [
          Object {
            "color": "#FFFFFF",
            "fontSize": 16,
          },
          Object {
            "paddingLeft": "3%",
            "paddingRight": "1%",
          },
        ]
      }
      testID="full-name-text"
    >
      John
       
      Doe
    </Text>
    <RNGestureHandlerButton
      collapsable={false}
      delayLongPress={600}
      enabled={true}
      exclusive={true}
      handlerTag={1}
      handlerType="NativeViewGestureHandler"
      hitSlop={
        Object {
          "bottom": 30,
          "left": 30,
          "right": 30,
          "top": 30,
        }
      }
      onGestureEvent={[Function]}
      onGestureHandlerEvent={[Function]}
      onGestureHandlerStateChange={[Function]}
      onHandlerStateChange={[Function]}
      rippleColor={0}
      touchSoundDisabled={false}
    >
      <View
        accessible={true}
        collapsable={false}
        hitSlop={
          Object {
            "bottom": 30,
            "left": 30,
            "right": 30,
            "top": 30,
          }
        }
        style={
          Object {
            "opacity": 1,
          }
        }
      >
        <Text />
      </View>
    </RNGestureHandlerButton>
  </View>
</View>
`;
